
> synthesis@0.1.0 build
> next build

  Γû▓ Next.js 14.2.35
  - Environments: .env.local

   Creating an optimized production build ...
 Γ£ô Compiled successfully
   Linting and checking validity of types ...
node.exe : 
At line:1 char:1
+ & "C:\Program 
Files\nodejs/node.exe" 
"C:\Users\ircpr\AppData\Roaming\ 
...
+ ~~~~~~~~~~~~~~~~~~~~~~~~~~~~~~~~~
~~~~~~~~~~~~~~~~~~~~~~~~~~~~~~~~~~~
~
    + CategoryInfo          : 
NotSpe    cified: (:String) [], 
RemoteExce    ption
    + FullyQualifiedErrorId : 
Native    CommandError
 
Failed to compile.

./components/ChronicleTimeline.tsx
74:20  Error: '_height' is 
assigned a value but never used.  
@typescript-eslint/no-unused-vars

./components/CouncilRing.tsx
12:10  Error: '_hoveredNode' is 
assigned a value but never used.  
@typescript-eslint/no-unused-vars

info  - Need to disable some 
ESLint rules? Learn more here: http
s://nextjs.org/docs/basic-features/
eslint#disabling-rules
