components/CouncilItem.tsx(57,13): error TS2367: This comparison appears to be unintentional because the types '"error" | "idle" | "thinking" | "speaking" | "reviewing" | "chairman"' and '"success"' have no overlap.
